git add .
]0;~/Desktop/thesisairbears2-10-142-21-97:thesis GTL$ git commit -m "Beigi    egin data smar   ummary"
[master ee3da5c] Begin data summary
 16 files changed, 1221 insertions(+), 1443 deletions(-)
 rewrite .Rproj.user/AE058423/console06/83DDD39F (100%)
 delete mode 100644 .Rproj.user/AE058423/sources/s-59137E87/130A1329
 delete mode 100644 .Rproj.user/AE058423/sources/s-59137E87/79366CDA
 delete mode 100644 .Rproj.user/AE058423/sources/s-59137E87/E7EA7E3D
 rename import_fh_polity.R => data processing/import_fh_polity.R (100%)
 rename merge_econ.R => data processing/merge_econ.R (100%)
 rename merge_politics.R => data processing/merge_politics.R (100%)
 rename modify_cnts.R => data processing/modify_cnts.R (100%)
 rename modify_debt.R => data processing/modify_debt.R (100%)
 rename modify_deficit.R => data processing/modify_deficit.R (100%)
 rename modify_dpi.R => data processing/modify_dpi.R (100%)
 rename modify_fh.R => data processing/modify_fh.R (100%)
 rename modify_imf.R => data processing/modify_imf.R (100%)
 rename modify_polity.R => data processing/modify_polity.R (100%)
 rename modify_wb.R => data processing/modify_wb.R (100%)
 rewrite small.csv (79%)
]0;~/Desktop/thesisairbears2-10-142-21-97:thesis GTL$ git push
Counting objects: 10, done.
Delta compression using up to 4 threads.
Compressing objects:  11% (1/9)   Compressing objects:  22% (2/9)   Compressing objects:  33% (3/9)   Compressing objects:  44% (4/9)   Compressing objects:  55% (5/9)   Compressing objects:  66% (6/9)   Compressing objects:  77% (7/9)   Compressing objects:  88% (8/9)   Compressing objects: 100% (9/9)   Compressing objects: 100% (9/9), done.
Writing objects:  10% (1/10)   Writing objects:  20% (2/10)   Writing objects:  30% (3/10)   Writing objects:  40% (4/10)   Writing objects:  50% (5/10)   Writing objects:  60% (6/10)   Writing objects:  70% (7/10)   Writing objects:  80% (8/10)   Writing objects:  90% (9/10)   Writing objects: 100% (10/10)   Writing objects: 100% (10/10), 32.42 KiB | 2.49 MiB/s, done.
Total 10 (delta 4), reused 0 (delta 0)
remote: Resolving deltas:   0% (0/4)   [Kremote: Resolving deltas:  25% (1/4)   [Kremote: Resolving deltas:  50% (2/4)   [Kremote: Resolving deltas:  75% (3/4)   [Kremote: Resolving deltas: 100% (4/4)   [Kremote: Resolving deltas: 100% (4/4), completed with 4 local objects.[K
To https://github.com/gtlron/honors_thesis.git
   3054e9b..ee3da5c  master -> master
]0;~/Desktop/thesisairbears2-10-142-21-97:thesis GTL$ git add .
]0;~/Desktop/thesisairbears2-10-142-21-97:thesis GTL$ git commit -m "Started writing thesis."
[master ec95311] Started writing thesis.
 29 files changed, 562 insertions(+), 31 deletions(-)
 create mode 100644 .Rproj.user/AE058423/build_options
 rewrite .Rproj.user/AE058423/console06/83DDD39F (100%)
 create mode 100644 .Rproj.user/AE058423/sources/prop/19EDB89C
 create mode 100644 .Rproj.user/AE058423/sources/prop/5A825FA1
 create mode 100644 .Rproj.user/AE058423/sources/prop/632DB325
 create mode 100644 .Rproj.user/AE058423/sources/prop/9E4B5646
 create mode 100644 .Rproj.user/AE058423/sources/prop/AED6C28D
 create mode 100644 .Rproj.user/AE058423/sources/prop/B520BF3F
 create mode 100644 .Rproj.user/AE058423/sources/prop/F9DF977F
 create mode 100644 .Rproj.user/AE058423/sources/s-59137E87/104FD296-contents
 create mode 100644 .Rproj.user/AE058423/sources/s-59137E87/6E65D033-contents
 delete mode 100644 .Rproj.user/AE058423/sources/s-59137E87/7AC8EE2C
 create mode 100644 .Rproj.user/AE058423/sources/s-59137E87/8075AE59
 create mode 100644 .Rproj.user/AE058423/sources/s-59137E87/8075AE59-contents
 create mode 100644 .Rproj.user/AE058423/sources/s-59137E87/86C0BEC1
 create mode 100644 .Rproj.user/AE058423/sources/s-59137E87/86C0BEC1-contents
 create mode 100644 .Rproj.user/AE058423/sources/s-59137E87/8755ECD-contents
 create mode 100644 .Rproj.user/AE058423/sources/s-59137E87/9B9C1329-contents
 create mode 100644 .Rproj.user/AE058423/sources/s-59137E87/A59ED7ED-contents
 create mode 100644 .Rproj.user/AE058423/sources/s-59137E87/A91757C-contents
 create mode 100644 .Rproj.user/AE058423/sources/s-59137E87/B95E6C51-contents
 create mode 100644 .Rproj.user/AE058423/sources/s-59137E87/E8E37DDC-contents
 create mode 100644 .Rproj.user/AE058423/sources/s-59137E87/EE5383A9-contents
 create mode 100644 .Rproj.user/shared/notebooks/5C89D2F4-Untitled/1/s/chunks.json
 create mode 100644 Appendix table 2.pages
 create mode 100644 thesis.pages
]0;~/Desktop/thesisairbears2-10-142-21-97:thesis GTL$ git push
Counting objects: 39, done.
Delta compression using up to 4 threads.
Compressing objects:   2% (1/35)   Compressing objects:   5% (2/35)   Compressing objects:   8% (3/35)   Compressing objects:  11% (4/35)   Compressing objects:  14% (5/35)   Compressing objects:  17% (6/35)   Compressing objects:  20% (7/35)   Compressing objects:  22% (8/35)   Compressing objects:  25% (9/35)   Compressing objects:  28% (10/35)   Compressing objects:  31% (11/35)   Compressing objects:  34% (12/35)   Compressing objects:  37% (13/35)   Compressing objects:  40% (14/35)   Compressing objects:  42% (15/35)   Compressing objects:  45% (16/35)   Compressing objects:  48% (17/35)   Compressing objects:  51% (18/35)   Compressing objects:  54% (19/35)   Compressing objects:  57% (20/35)   Compressing objects:  60% (21/35)   Compressing objects:  62% (22/35)   Compressing objects:  65% (23/35)   Compressing objects:  68% (24/35)   Compressing objects:  71% (25/35)   Compressing objects:  74% (26/35)   Compressing objects:  77% (27/35)   Compressing objects:  80% (28/35)   Compressing objects:  82% (29/35)   Compressing objects:  85% (30/35)   Compressing objects:  88% (31/35)   Compressing objects:  91% (32/35)   Compressing objects:  94% (33/35)   Compressing objects:  97% (34/35)   Compressing objects: 100% (35/35)   Compressing objects: 100% (35/35), done.
Writing objects:   2% (1/39)   Writing objects:   5% (2/39)   Writing objects:   7% (3/39)   Writing objects:  10% (4/39)   Writing objects:  12% (5/39)   Writing objects:  15% (6/39)   Writing objects:  17% (7/39)   Writing objects:  20% (8/39)   Writing objects:  23% (9/39)   Writing objects:  25% (10/39)   Writing objects:  28% (11/39)   Writing objects:  30% (12/39)   Writing objects:  33% (13/39)   Writing objects:  35% (14/39)   Writing objects:  38% (15/39)   Writing objects:  41% (16/39)   Writing objects:  43% (17/39)   Writing objects:  46% (18/39)   Writing objects:  48% (19/39)   Writing objects:  51% (20/39)   Writing objects:  58% (23/39)   Writing objects:  61% (24/39)   Writing objects:  64% (25/39)   Writing objects:  66% (26/39)   Writing objects:  71% (28/39)   Writing objects:  74% (29/39)   Writing objects:  76% (30/39)   Writing objects:  79% (31/39)   Writing objects:  82% (32/39)   Writing objects:  84% (33/39)   Writing objects:  87% (34/39)   Writing objects:  89% (35/39)   Writing objects:  92% (36/39)   Writing objects:  94% (37/39)   Writing objects:  97% (38/39)   Writing objects: 100% (39/39)   Writing objects: 100% (39/39), 320.06 KiB | 4.85 MiB/s, done.
Total 39 (delta 9), reused 0 (delta 0)
remote: Resolving deltas:   0% (0/9)   [Kremote: Resolving deltas:  33% (3/9)   [Kremote: Resolving deltas:  44% (4/9)   [Kremote: Resolving deltas:  55% (5/9)   [Kremote: Resolving deltas:  66% (6/9)   [Kremote: Resolving deltas:  77% (7/9)   [Kremote: Resolving deltas:  88% (8/9)   [Kremote: Resolving deltas: 100% (9/9)   [Kremote: Resolving deltas: 100% (9/9), completed with 5 local objects.[K
To https://github.com/gtlron/honors_thesis.git
   ee3da5c..ec95311  master -> master
]0;~/Desktop/thesisairbears2-10-142-21-97:thesis GTL$ bash: /Users/GTL/cs61b-software/adm/login: No such file or directory
git add .
]0;~/Desktop/thesisTianlangAir:thesis GTL$ git commit -m "Finished measurement issues es  section."
[master 226f961] Finished measurement issues section.
 19 files changed, 1283 insertions(+), 1240 deletions(-)
 rewrite .Rproj.user/AE058423/console06/INDEX001 (85%)
 create mode 100644 .Rproj.user/AE058423/sources/s-112AC373/270EDA5B
 create mode 100644 .Rproj.user/AE058423/sources/s-112AC373/270EDA5B-contents
 create mode 100644 .Rproj.user/AE058423/sources/s-112AC373/2A1C84E1-contents
 rename .Rproj.user/AE058423/sources/{per/t => s-112AC373}/8075AE59 (95%)
 rename .Rproj.user/AE058423/sources/{per/t => s-112AC373}/8075AE59-contents (100%)
 rename .Rproj.user/AE058423/sources/{per/t => s-112AC373}/86C0BEC1 (94%)
 rename .Rproj.user/AE058423/sources/{per/t => s-112AC373}/86C0BEC1-contents (100%)
 create mode 100644 .Rproj.user/AE058423/sources/s-112AC373/CA8AD04A-contents
 create mode 100644 .Rproj.user/AE058423/sources/s-112AC373/ED7A0199
 create mode 100644 .Rproj.user/AE058423/sources/s-112AC373/ED7A0199-contents
 create mode 100644 .Rproj.user/AE058423/sources/s-112AC373/F19AF844-contents
 create mode 100644 .Rproj.user/AE058423/sources/s-112AC373/lock_file
 rewrite .Rproj.user/shared/notebooks/paths (100%)
 rewrite Citations.pages (76%)
 rewrite small.csv (93%)
]0;~/Desktop/thesisTianlangAir:thesis GTL$ git push
Counting objects: 19, done.
Delta compression using up to 4 threads.
Compressing objects:   5% (1/18)   Compressing objects:  11% (2/18)   Compressing objects:  16% (3/18)   Compressing objects:  22% (4/18)   Compressing objects:  27% (5/18)   Compressing objects:  33% (6/18)   Compressing objects:  38% (7/18)   Compressing objects:  44% (8/18)   Compressing objects:  50% (9/18)   Compressing objects:  55% (10/18)   Compressing objects:  61% (11/18)   Compressing objects:  66% (12/18)   Compressing objects:  72% (13/18)   Compressing objects:  77% (14/18)   Compressing objects:  83% (15/18)   Compressing objects:  88% (16/18)   Compressing objects:  94% (17/18)   Compressing objects: 100% (18/18)   Compressing objects: 100% (18/18), done.
Writing objects:   5% (1/19)   Writing objects:  10% (2/19)   Writing objects:  15% (3/19)   Writing objects:  21% (4/19)   Writing objects:  26% (5/19)   Writing objects:  31% (6/19)   Writing objects:  36% (7/19)   Writing objects:  42% (8/19)   Writing objects:  47% (9/19)   Writing objects:  52% (10/19)   Writing objects:  57% (11/19)   Writing objects:  63% (12/19)   Writing objects:  68% (13/19)   Writing objects:  73% (14/19)   Writing objects:  78% (15/19)   Writing objects:  84% (16/19)   Writing objects:  89% (17/19)   Writing objects:  94% (18/19)   Writing objects: 100% (19/19)   Writing objects: 100% (19/19), 516.29 KiB | 6.62 MiB/s, done.
Total 19 (delta 11), reused 0 (delta 0)
remote: Resolving deltas:   0% (0/11)   [Kremote: Resolving deltas:  27% (3/11)   [Kremote: Resolving deltas:  36% (4/11)   [Kremote: Resolving deltas:  45% (5/11)   [Kremote: Resolving deltas:  54% (6/11)   [Kremote: Resolving deltas:  63% (7/11)   [Kremote: Resolving deltas:  72% (8/11)   [Kremote: Resolving deltas:  81% (9/11)   [Kremote: Resolving deltas:  90% (10/11)   [Kremote: Resolving deltas: 100% (11/11)   [Kremote: Resolving deltas: 100% (11/11), completed with 8 local objects.[K
To https://github.com/gtlron/honors_thesis.git
   1cac837..226f961  master -> master
]0;~/Desktop/thesisTianlangAir:thesis GTL$ git add .
]0;~/Desktop/thesisTianlangAir:thesis GTL$ git coomi   mmit -m "Finsihed        nished data introduction"
[master 8c8cdad] Finished data introduction
 9 files changed, 7991 insertions(+), 8178 deletions(-)
 create mode 100644 Literature review.pages
 create mode 100644 summary_graph.R
]0;~/Desktop/thesisTianlangAir:thesis GTL$ git push
Counting objects: 13, done.
Delta compression using up to 4 threads.
Compressing objects:   7% (1/13)   Compressing objects:  15% (2/13)   Compressing objects:  23% (3/13)   Compressing objects:  30% (4/13)   Compressing objects:  38% (5/13)   Compressing objects:  46% (6/13)   Compressing objects:  53% (7/13)   Compressing objects:  61% (8/13)   Compressing objects:  69% (9/13)   Compressing objects:  76% (10/13)   Compressing objects:  84% (11/13)   Compressing objects:  92% (12/13)   Compressing objects: 100% (13/13)   Compressing objects: 100% (13/13), done.
Writing objects:   7% (1/13)   Writing objects:  15% (2/13)   Writing objects:  23% (3/13)   Writing objects:  30% (4/13)   Writing objects:  38% (5/13)   Writing objects:  46% (6/13)   Writing objects:  53% (7/13)   Writing objects:  61% (8/13)   Writing objects:  69% (9/13)   Writing objects:  76% (10/13)   Writing objects:  84% (11/13)   Writing objects:  92% (12/13)   Writing objects: 100% (13/13)   Writing objects: 100% (13/13), 612.49 KiB | 4.06 MiB/s, done.
Total 13 (delta 8), reused 0 (delta 0)
remote: Resolving deltas:   0% (0/8)   [Kremote: Resolving deltas:  12% (1/8)   [Kremote: Resolving deltas:  25% (2/8)   [Kremote: Resolving deltas:  37% (3/8)   [Kremote: Resolving deltas:  50% (4/8)   [Kremote: Resolving deltas:  62% (5/8)   [Kremote: Resolving deltas:  75% (6/8)   [Kremote: Resolving deltas:  87% (7/8)   [Kremote: Resolving deltas: 100% (8/8)   [Kremote: Resolving deltas: 100% (8/8), completed with 8 local objects.[K
To https://github.com/gtlron/honors_thesis.git
   226f961..8c8cdad  master -> master
]0;~/Desktop/thesisTianlangAir:thesis GTL$ bash: /Users/GTL/cs61b-software/adm/login: No such file or directory
[KTianlangAir:thesis GTL$ git add .
]0;~/Desktop/thesisTianlangAir:thesis GTL$ git commit -m "Ran regression on f fiscal outcomes on dm emocracy scores."
[master f7c1cea] Ran regression of fiscal outcomes on democracy scores.
 59 files changed, 10943 insertions(+), 8758 deletions(-)
 rewrite .RData (99%)
 rewrite .Rhistory (99%)
 rewrite .Rproj.user/AE058423/console06/INDEX001 (85%)
 create mode 100644 .Rproj.user/AE058423/sources/prop/24B137A4
 create mode 100644 .Rproj.user/AE058423/sources/prop/5EA6DE92
 create mode 100644 .Rproj.user/AE058423/sources/prop/675332BF
 create mode 100644 .Rproj.user/AE058423/sources/prop/69E22002
 create mode 100644 .Rproj.user/AE058423/sources/prop/90253352
 create mode 100644 .Rproj.user/AE058423/sources/prop/D7F6A835
 create mode 100644 .Rproj.user/AE058423/sources/prop/F31999D5
 delete mode 100644 .Rproj.user/AE058423/sources/s-112AC373/270EDA5B
 delete mode 100644 .Rproj.user/AE058423/sources/s-112AC373/270EDA5B-contents
 delete mode 100644 .Rproj.user/AE058423/sources/s-112AC373/2A1C84E1-contents
 delete mode 100644 .Rproj.user/AE058423/sources/s-112AC373/8075AE59
 delete mode 100644 .Rproj.user/AE058423/sources/s-112AC373/8075AE59-contents
 delete mode 100644 .Rproj.user/AE058423/sources/s-112AC373/86C0BEC1
 delete mode 100644 .Rproj.user/AE058423/sources/s-112AC373/86C0BEC1-contents
 delete mode 100644 .Rproj.user/AE058423/sources/s-112AC373/CA8AD04A-contents
 delete mode 100644 .Rproj.user/AE058423/sources/s-112AC373/ED7A0199
 delete mode 100644 .Rproj.user/AE058423/sources/s-112AC373/ED7A0199-contents
 delete mode 100644 .Rproj.user/AE058423/sources/s-112AC373/F19AF844-contents
 create mode 100644 .Rproj.user/AE058423/sources/s-5FCF61C/4AE14F0B
 create mode 100644 .Rproj.user/AE058423/sources/s-5FCF61C/4AE14F0B-contents
 create mode 100644 .Rproj.user/AE058423/sources/s-5FCF61C/7F2E1DF8
 create mode 100644 .Rproj.user/AE058423/sources/s-5FCF61C/7F2E1DF8-contents
 create mode 100644 .Rproj.user/AE058423/sources/s-5FCF61C/CF846072
 create mode 100644 .Rproj.user/AE058423/sources/s-5FCF61C/CF846072-contents
 rename .Rproj.user/AE058423/sources/{s-112AC373 => s-5FCF61C}/lock_file (100%)
 create mode 100644 .Rproj.user/shared/notebooks/357F08C0-Untitled/1/s/chunks.json
 delete mode 100644 .Rproj.user/shared/notebooks/5C89D2F4-Untitled/1/s/chunks.json
 rewrite Data.pages (82%)
 rewrite Literature review.pages (81%)
 create mode 100644 Table 1.html
 create mode 100644 Table 2.html
 create mode 100644 Table 3.html
 create mode 100644 Tables-concordance.tex
 create mode 100644 Tables.Rnw
 create mode 100644 Tables.aux
 create mode 100644 Tables.log
 create mode 100644 Tables.pdf
 create mode 100644 Tables.synctex.gz
 create mode 100644 Tables.tex
 create mode 100644 deficit_polity.R
 create mode 100644 deltadebt_polity.R
 create mode 100644 gdpgr_polity.R
 rewrite large.csv (75%)
 rewrite small.csv (92%)
]0;~/Desktop/thesisTianlangAir:thesis GTL$ git push
Counting objects: 55, done.
Delta compression using up to 4 threads.
Compressing objects:   2% (1/50)   Compressing objects:   4% (2/50)   Compressing objects:   6% (3/50)   Compressing objects:   8% (4/50)   Compressing objects:  10% (5/50)   Compressing objects:  12% (6/50)   Compressing objects:  14% (7/50)   Compressing objects:  16% (8/50)   Compressing objects:  18% (9/50)   Compressing objects:  20% (10/50)   Compressing objects:  22% (11/50)   Compressing objects:  24% (12/50)   Compressing objects:  26% (13/50)   Compressing objects:  28% (14/50)   Compressing objects:  30% (15/50)   Compressing objects:  32% (16/50)   Compressing objects:  34% (17/50)   Compressing objects:  36% (18/50)   Compressing objects:  38% (19/50)   Compressing objects:  40% (20/50)   Compressing objects:  42% (21/50)   Compressing objects:  44% (22/50)   Compressing objects:  46% (23/50)   Compressing objects:  48% (24/50)   Compressing objects:  50% (25/50)   Compressing objects:  52% (26/50)   Compressing objects:  54% (27/50)   Compressing objects:  56% (28/50)   Compressing objects:  58% (29/50)   Compressing objects:  60% (30/50)   Compressing objects:  62% (31/50)   Compressing objects:  64% (32/50)   Compressing objects:  66% (33/50)   Compressing objects:  68% (34/50)   Compressing objects:  70% (35/50)   Compressing objects:  72% (36/50)   Compressing objects:  74% (37/50)   Compressing objects:  76% (38/50)   Compressing objects:  78% (39/50)   Compressing objects:  80% (40/50)   Compressing objects:  82% (41/50)   Compressing objects:  84% (42/50)   Compressing objects:  86% (43/50)   Compressing objects:  88% (44/50)   Compressing objects:  90% (45/50)   Compressing objects:  92% (46/50)   Compressing objects:  94% (47/50)   Compressing objects:  96% (48/50)   Compressing objects:  98% (49/50)   Compressing objects: 100% (50/50)   Compressing objects: 100% (50/50), done.
Writing objects:   1% (1/55)   Writing objects:   3% (2/55)   Writing objects:   5% (3/55)   Writing objects:   7% (4/55)   Writing objects:   9% (5/55)   Writing objects:  10% (6/55)   Writing objects:  12% (7/55)   Writing objects:  14% (8/55)   Writing objects:  16% (9/55)   Writing objects:  18% (10/55)   Writing objects:  20% (11/55)   Writing objects:  21% (12/55)   Writing objects:  23% (13/55)   Writing objects:  25% (14/55)   Writing objects:  27% (15/55)   Writing objects:  29% (16/55)   Writing objects:  30% (17/55)   Writing objects:  32% (18/55)   Writing objects:  34% (19/55)   Writing objects:  36% (20/55)   Writing objects:  38% (21/55)   Writing objects:  40% (22/55)   Writing objects:  41% (23/55)   Writing objects:  43% (24/55)   Writing objects:  45% (25/55)   Writing objects:  47% (26/55)   Writing objects:  49% (27/55)   Writing objects:  50% (28/55)   Writing objects:  52% (29/55)   Writing objects:  54% (30/55)   Writing objects:  56% (31/55)   Writing objects:  60% (33/55)   Writing objects:  61% (34/55)   Writing objects:  63% (35/55)   Writing objects:  65% (36/55)   Writing objects:  67% (37/55)   Writing objects:  69% (38/55)   Writing objects:  70% (39/55)   Writing objects:  72% (40/55)   Writing objects:  74% (41/55)   Writing objects:  76% (42/55)   Writing objects:  78% (43/55)   Writing objects:  81% (45/55)   Writing objects:  83% (46/55)   Writing objects:  85% (47/55)   Writing objects:  87% (48/55)   Writing objects:  89% (49/55)   Writing objects:  90% (50/55)   Writing objects:  92% (51/55)   Writing objects:  94% (52/55)   Writing objects:  96% (53/55), 1.07 MiB | 1.14 MiB/s   Writing objects:  98% (54/55), 1.07 MiB | 1.14 MiB/s   Writing objects:  98% (54/55), 2.00 MiB | 805.00 KiB/s   Writing objects: 100% (55/55), 2.00 MiB | 805.00 KiB/s   Writing objects: 100% (55/55), 2.03 MiB | 819.00 KiB/s, done.
Total 55 (delta 15), reused 0 (delta 0)
remote: Resolving deltas:   0% (0/15)   [Kremote: Resolving deltas:  13% (2/15)   [Kremote: Resolving deltas:  20% (3/15)   [Kremote: Resolving deltas:  26% (4/15)   [Kremote: Resolving deltas:  40% (6/15)   [Kremote: Resolving deltas:  46% (7/15)   [Kremote: Resolving deltas:  53% (8/15)   [Kremote: Resolving deltas:  60% (9/15)   [Kremote: Resolving deltas:  66% (10/15)   [Kremote: Resolving deltas:  73% (11/15)   [Kremote: Resolving deltas:  80% (12/15)   [Kremote: Resolving deltas:  86% (13/15)   [Kremote: Resolving deltas:  93% (14/15)   [Kremote: Resolving deltas: 100% (15/15)   [Kremote: Resolving deltas: 100% (15/15), completed with 9 local objects.[K
To https://github.com/gtlron/honors_thesis.git
   8c8cdad..f7c1cea  master -> master
]0;~/Desktop/thesisTianlangAir:thesis GTL$ [KTianlangAir:thesis GTL$ git c addd  .
