git add .
]0;~/Desktop/thesisairbears2-10-142-22-81:thesis GTL$ git commit -m "Fixed       Selected variablesi  in CNTS"
[master 1ef1fe0] Selected variables in CNTS
 7 files changed, 9915 insertions(+), 17352 deletions(-)
 rewrite .Rproj.user/AE058423/console06/83DDD39F (99%)
 create mode 100644 .Rproj.user/AE058423/sources/s-2795BC24/19DF06F4
 create mode 100644 .Rproj.user/AE058423/sources/s-2795BC24/19DF06F4-contents
 create mode 100644 .Rproj.user/AE058423/sources/s-2795BC24/7FB79E2E-contents
 create mode 100644 .Rproj.user/AE058423/sources/s-2795BC24/A79D1765-contents
 create mode 100644 .Rproj.user/AE058423/sources/s-2795BC24/DEE51BD1-contents
 rewrite cnts.csv (91%)
]0;~/Desktop/thesisairbears2-10-142-22-81:thesis GTL$ git push
Counting objects: 10, done.
Delta compression using up to 4 threads.
Compressing objects:  11% (1/9)   Compressing objects:  22% (2/9)   Compressing objects:  33% (3/9)   Compressing objects:  44% (4/9)   Compressing objects:  55% (5/9)   Compressing objects:  66% (6/9)   Compressing objects:  77% (7/9)   Compressing objects:  88% (8/9)   Compressing objects: 100% (9/9)   Compressing objects: 100% (9/9), done.
Writing objects:  10% (1/10)   Writing objects:  20% (2/10)   Writing objects:  30% (3/10)   Writing objects:  40% (4/10)   Writing objects:  50% (5/10)   Writing objects:  60% (6/10)   Writing objects:  70% (7/10)   Writing objects:  80% (8/10)   Writing objects:  90% (9/10)   Writing objects: 100% (10/10)   Writing objects: 100% (10/10), 65.99 KiB | 3.00 MiB/s, done.
Total 10 (delta 3), reused 0 (delta 0)
remote: Resolving deltas:   0% (0/3)   [Kremote: Resolving deltas:  33% (1/3)   [Kremote: Resolving deltas:  66% (2/3)   [Kremote: Resolving deltas: 100% (3/3)   [Kremote: Resolving deltas: 100% (3/3), completed with 3 local objects.[K
To https://github.com/gtlron/honors_thesis.git
   b15db82..1ef1fe0  master -> master
]0;~/Desktop/thesisairbears2-10-142-22-81:thesis GTL$ git add.  .
]0;~/Desktop/thesisairbears2-10-142-22-81:thesis GTL$ git commit -m "c C Merged all datasets. Long     arge dataset  pending."[1@ [1@e[1@d[1@i[1@t."
[master 36f46bf] Merged all datasets. Large dataset pending edit.
 31 files changed, 194379 insertions(+), 43273 deletions(-)
 create mode 100644 .Rproj.user/AE058423/sources/s-2795BC24/173F7F78-contents
 delete mode 100644 .Rproj.user/AE058423/sources/s-2795BC24/19DF06F4
 create mode 100644 .Rproj.user/AE058423/sources/s-2795BC24/1F28A723-contents
 create mode 100644 .Rproj.user/AE058423/sources/s-2795BC24/3B980907-contents
 create mode 100644 .Rproj.user/AE058423/sources/s-2795BC24/4A8E77A5-contents
 create mode 100644 .Rproj.user/AE058423/sources/s-2795BC24/519B60AD-contents
 create mode 100644 .Rproj.user/AE058423/sources/s-2795BC24/8FC3A5A5-contents
 create mode 100644 .Rproj.user/AE058423/sources/s-2795BC24/938D9BB5-contents
 create mode 100644 .Rproj.user/AE058423/sources/s-2795BC24/9C2DB27C
 create mode 100644 .Rproj.user/AE058423/sources/s-2795BC24/9C2DB27C-contents
 delete mode 100644 .Rproj.user/AE058423/sources/s-2795BC24/9F70BC79
 create mode 100644 .Rproj.user/AE058423/sources/s-2795BC24/A04E4D51-contents
 create mode 100644 .Rproj.user/AE058423/sources/s-2795BC24/AAB06652-contents
 create mode 100644 .Rproj.user/AE058423/sources/s-2795BC24/B3D4849E-contents
 create mode 100644 .Rproj.user/AE058423/sources/s-2795BC24/E055770A
 create mode 100644 .Rproj.user/AE058423/sources/s-2795BC24/E055770A-contents
 create mode 100644 .Rproj.user/AE058423/sources/s-2795BC24/E79DDC72
 create mode 100644 .Rproj.user/AE058423/sources/s-2795BC24/E79DDC72-contents
 delete mode 100644 cnts.csv
 delete mode 100644 cpds.csv
 delete mode 100644 dpi.csv
 rewrite econ.csv (93%)
 delete mode 100644 fh_polity_uds.csv
 create mode 100644 l_fh_cpds.csv
 create mode 100644 m.csv
 create mode 100644 mall.csv
 create mode 100644 small.csv
]0;~/Desktop/thesisairbears2-10-142-22-81:thesis GTL$ git push
Counting objects: 22, done.
Delta compression using up to 4 threads.
Compressing objects:   4% (1/21)   Compressing objects:   9% (2/21)   Compressing objects:  14% (3/21)   Compressing objects:  19% (4/21)   Compressing objects:  23% (5/21)   Compressing objects:  28% (6/21)   Compressing objects:  33% (7/21)   Compressing objects:  38% (8/21)   Compressing objects:  42% (9/21)   Compressing objects:  47% (10/21)   Compressing objects:  52% (11/21)   Compressing objects:  57% (12/21)   Compressing objects:  61% (13/21)   Compressing objects:  66% (14/21)   Compressing objects:  71% (15/21)   Compressing objects:  76% (16/21)   Compressing objects:  80% (17/21)   Compressing objects:  85% (18/21)   Compressing objects:  90% (19/21)   Compressing objects:  95% (20/21)   Compressing objects: 100% (21/21)   Compressing objects: 100% (21/21), done.
Writing objects:   4% (1/22)   Writing objects:   9% (2/22)   Writing objects:  13% (3/22)   Writing objects:  18% (4/22)   Writing objects:  22% (5/22)   Writing objects:  27% (6/22)   Writing objects:  31% (7/22)   Writing objects:  36% (8/22)   Writing objects:  40% (9/22)   Writing objects:  45% (10/22)   Writing objects:  50% (11/22)   Writing objects:  54% (12/22)   Writing objects:  59% (13/22)   Writing objects:  63% (14/22)   Writing objects:  68% (15/22)   Writing objects:  72% (16/22)   Writing objects:  77% (17/22)   Writing objects:  81% (18/22)   Writing objects:  81% (18/22), 1.20 MiB | 735.00 KiB/s   Writing objects:  90% (20/22), 1.20 MiB | 735.00 KiB/s   Writing objects:  95% (21/22), 1.20 MiB | 735.00 KiB/s   Writing objects: 100% (22/22), 1.20 MiB | 735.00 KiB/s   Writing objects: 100% (22/22), 1.89 MiB | 1.05 MiB/s, done.
Total 22 (delta 10), reused 0 (delta 0)
remote: Resolving deltas:   0% (0/10)   [Kremote: Resolving deltas:  10% (1/10)   [Kremote: Resolving deltas:  20% (2/10)   [Kremote: Resolving deltas:  30% (3/10)   [Kremote: Resolving deltas:  40% (4/10)   [Kremote: Resolving deltas:  50% (5/10)   [Kremote: Resolving deltas:  60% (6/10)   [Kremote: Resolving deltas:  70% (7/10)   [Kremote: Resolving deltas:  80% (8/10)   [Kremote: Resolving deltas:  90% (9/10)   [Kremote: Resolving deltas: 100% (10/10)   [Kremote: Resolving deltas: 100% (10/10), completed with 6 local objects.[K
To https://github.com/gtlron/honors_thesis.git
   1ef1fe0..36f46bf  master -> master
]0;~/Desktop/thesisairbears2-10-142-22-81:thesis GTL$ bash: /Users/GTL/cs61b-software/adm/login: No such file or directory
a git add .
]0;~/Desktop/thesisairbears2-10-142-21-97:thesis GTL$ git commit -m "Finsihi    ish hed joi   meer  rging all datasets" "i"n"t" [Airbears2-10-142-21-97:thesis GTL$ git commit -m "Finished merging all datasets into"" "s"a"m"[1P"[1P"m"a"l"l" "a"n"d" "l"a"r"g"e" "s"a"m"p"l"e"s""
[master 4d81b44] Finished merging all datasets into small and large samples
 26 files changed, 8396 insertions(+), 8382 deletions(-)
 rewrite .Rproj.user/AE058423/console06/INDEX001 (85%)
 delete mode 100644 .Rproj.user/AE058423/sources/per/t/9C2DB27C
 delete mode 100644 .Rproj.user/AE058423/sources/per/t/A9A6AAA2
 delete mode 100644 .Rproj.user/AE058423/sources/per/t/E055770A
 delete mode 100644 .Rproj.user/AE058423/sources/per/t/E79DDC72
 create mode 100644 .Rproj.user/AE058423/sources/s-59137E87/130A1329
 rename .Rproj.user/AE058423/sources/{per/t/9C2DB27C-contents => s-59137E87/130A1329-contents} (100%)
 create mode 100644 .Rproj.user/AE058423/sources/s-59137E87/79366CDA
 rename .Rproj.user/AE058423/sources/{per/t/E79DDC72-contents => s-59137E87/79366CDA-contents} (100%)
 create mode 100644 .Rproj.user/AE058423/sources/s-59137E87/7AC8EE2C
 create mode 100644 .Rproj.user/AE058423/sources/s-59137E87/7AC8EE2C-contents
 create mode 100644 .Rproj.user/AE058423/sources/s-59137E87/9C2DB27C-contents
 rename .Rproj.user/AE058423/sources/{per/t => s-59137E87}/A9A6AAA2-contents (100%)
 rename .Rproj.user/AE058423/sources/{per/t => s-59137E87}/E055770A-contents (100%)
 create mode 100644 .Rproj.user/AE058423/sources/s-59137E87/E79DDC72-contents
 create mode 100644 .Rproj.user/AE058423/sources/s-59137E87/E7EA7E3D
 create mode 100644 .Rproj.user/AE058423/sources/s-59137E87/E7EA7E3D-contents
 create mode 100644 .Rproj.user/AE058423/sources/s-59137E87/lock_file
 delete mode 100644 .Rproj.user/AE058423/viewer-cache/3BA5DC08.Rdata
 delete mode 100644 .Rproj.user/AE058423/viewer-cache/798BE2D8.Rdata
 delete mode 100644 country region income group.csv
 rewrite large.csv (77%)
 rewrite small.csv (93%)
]0;~/Desktop/thesisairbears2-10-142-21-97:thesis GTL$ git push
Counting objects: 18, done.
Delta compression using up to 4 threads.
Compressing objects:   5% (1/18)   Compressing objects:  11% (2/18)   Compressing objects:  16% (3/18)   Compressing objects:  22% (4/18)   Compressing objects:  27% (5/18)   Compressing objects:  33% (6/18)   Compressing objects:  38% (7/18)   Compressing objects:  44% (8/18)   Compressing objects:  50% (9/18)   Compressing objects:  55% (10/18)   Compressing objects:  61% (11/18)   Compressing objects:  66% (12/18)   Compressing objects:  72% (13/18)   Compressing objects:  77% (14/18)   Compressing objects:  83% (15/18)   Compressing objects:  88% (16/18)   Compressing objects:  94% (17/18)   Compressing objects: 100% (18/18)   Compressing objects: 100% (18/18), done.
Writing objects:   5% (1/18)   Writing objects:  11% (2/18)   Writing objects:  16% (3/18)   Writing objects:  22% (4/18)   Writing objects:  27% (5/18)   Writing objects:  33% (6/18)   Writing objects:  38% (7/18)   Writing objects:  44% (8/18)   Writing objects:  50% (9/18)   Writing objects:  55% (10/18)   Writing objects:  61% (11/18)   Writing objects:  66% (12/18)   Writing objects:  77% (14/18)   Writing objects:  83% (15/18)   Writing objects:  88% (16/18)   Writing objects:  94% (17/18)   Writing objects: 100% (18/18)   Writing objects: 100% (18/18), 50.46 KiB | 671.00 KiB/s, done.
Total 18 (delta 11), reused 0 (delta 0)
remote: Resolving deltas:   0% (0/11)   [Kremote: Resolving deltas:  27% (3/11)   [Kremote: Resolving deltas:  36% (4/11)   [Kremote: Resolving deltas:  45% (5/11)   [Kremote: Resolving deltas:  54% (6/11)   [Kremote: Resolving deltas:  63% (7/11)   [Kremote: Resolving deltas:  72% (8/11)   [Kremote: Resolving deltas:  81% (9/11)   [Kremote: Resolving deltas:  90% (10/11)   [Kremote: Resolving deltas: 100% (11/11)   [Kremote: Resolving deltas: 100% (11/11), completed with 8 local objects.[K
To https://github.com/gtlron/honors_thesis.git
   28345c9..4d81b44  master -> master
]0;~/Desktop/thesisairbears2-10-142-21-97:thesis GTL$ git commit -m "TRI  rimmed large and small dataset"
On branch master
Your branch is up to date with 'origin/master'.

Changes not staged for commit:
	[31mmodified:   .Rproj.user/AE058423/console06/83DDD39F[m
	[31mmodified:   .Rproj.user/AE058423/console06/83DDD39F.env[m
	[31mmodified:   large.csv[m
	[31mmodified:   small.csv[m

no changes added to commit
]0;~/Desktop/thesisairbears2-10-142-21-97:thesis GTL$ git add .
]0;~/Desktop/thesisairbears2-10-142-21-97:thesis GTL$ git add .commit -m "Trimmed large and small dataset"
[master 45e59bb] Trimmed large and small dataset
 4 files changed, 8324 insertions(+), 8277 deletions(-)
]0;~/Desktop/thesisairbears2-10-142-21-97:thesis GTL$ git push
Counting objects: 9, done.
Delta compression using up to 4 threads.
Compressing objects:  11% (1/9)   Compressing objects:  22% (2/9)   Compressing objects:  33% (3/9)   Compressing objects:  44% (4/9)   Compressing objects:  55% (5/9)   Compressing objects:  66% (6/9)   Compressing objects:  77% (7/9)   Compressing objects:  88% (8/9)   Compressing objects: 100% (9/9)   Compressing objects: 100% (9/9), done.
Writing objects:  11% (1/9)   Writing objects:  22% (2/9)   Writing objects:  33% (3/9)   Writing objects:  44% (4/9)   Writing objects:  55% (5/9)   Writing objects:  66% (6/9)   Writing objects:  77% (7/9)   Writing objects:  88% (8/9)   Writing objects: 100% (9/9)   Writing objects: 100% (9/9), 61.36 KiB | 826.00 KiB/s, done.
Total 9 (delta 6), reused 0 (delta 0)
remote: Resolving deltas:   0% (0/6)   [Kremote: Resolving deltas:  16% (1/6)   [Kremote: Resolving deltas:  33% (2/6)   [Kremote: Resolving deltas:  50% (3/6)   [Kremote: Resolving deltas:  66% (4/6)   [Kremote: Resolving deltas:  83% (5/6)   [Kremote: Resolving deltas: 100% (6/6)   [Kremote: Resolving deltas: 100% (6/6), completed with 6 local objects.[K
To https://github.com/gtlron/honors_thesis.git
   4d81b44..45e59bb  master -> master
]0;~/Desktop/thesisairbears2-10-142-21-97:thesis GTL$ git add .
]0;~/Desktop/thesisairbears2-10-142-21-97:thesis GTL$ git commit -m "Edited small sample"
[master f3a04b1] Edited small sample
 2 files changed, 1234 insertions(+), 1221 deletions(-)
 rewrite small.csv (93%)
]0;~/Desktop/thesisairbears2-10-142-21-97:thesis GTL$ git push
Counting objects: 7, done.
Delta compression using up to 4 threads.
Compressing objects:  14% (1/7)   Compressing objects:  28% (2/7)   Compressing objects:  42% (3/7)   Compressing objects:  57% (4/7)   Compressing objects:  71% (5/7)   Compressing objects:  85% (6/7)   Compressing objects: 100% (7/7)   Compressing objects: 100% (7/7), done.
Writing objects:  14% (1/7)   Writing objects:  28% (2/7)   Writing objects:  42% (3/7)   Writing objects:  57% (4/7)   Writing objects:  71% (5/7)   Writing objects:  85% (6/7)   Writing objects: 100% (7/7)   Writing objects: 100% (7/7), 7.97 KiB | 906.00 KiB/s, done.
Total 7 (delta 4), reused 0 (delta 0)
remote: Resolving deltas:   0% (0/4)   [Kremote: Resolving deltas:  25% (1/4)   [Kremote: Resolving deltas:  50% (2/4)   [Kremote: Resolving deltas:  75% (3/4)   [Kremote: Resolving deltas: 100% (4/4)   [Kremote: Resolving deltas: 100% (4/4), completed with 4 local objects.[K
To https://github.com/gtlron/honors_thesis.git
   45e59bb..f3a04b1  master -> master
]0;~/Desktop/thesisairbears2-10-142-21-97:thesis GTL$ git add .
