bash: /Users/GTL/cs61b-software/adm/login: No such file or directory
[Kairbears2-10-142-23-61:thesis GTL$ git add .
]0;~/Desktop/thesisairbears2-10-142-23-61:thesis GTL$ git commit -m "add    "Me  merge fh and uds"
[master a2a950b] merge fh and uds
 53 files changed, 11407 insertions(+), 18026 deletions(-)
 rewrite .RData (95%)
 rewrite .Rproj.user/AE058423/console06/83DDD39F (100%)
 rewrite .Rproj.user/AE058423/console06/INDEX001 (85%)
 create mode 100644 .Rproj.user/AE058423/sources/prop/D2920152
 create mode 100644 .Rproj.user/AE058423/sources/prop/FF5D9B5B
 delete mode 100644 .Rproj.user/AE058423/sources/s-7E91627B/357AAA90
 delete mode 100644 .Rproj.user/AE058423/sources/s-7E91627B/42875536-contents
 delete mode 100644 .Rproj.user/AE058423/sources/s-7E91627B/51A374A8-contents
 delete mode 100644 .Rproj.user/AE058423/sources/s-7E91627B/6547B6C3-contents
 delete mode 100644 .Rproj.user/AE058423/sources/s-7E91627B/6715CD6E-contents
 delete mode 100644 .Rproj.user/AE058423/sources/s-7E91627B/6DBD15E-contents
 delete mode 100644 .Rproj.user/AE058423/sources/s-7E91627B/72CCBE8C-contents
 delete mode 100644 .Rproj.user/AE058423/sources/s-7E91627B/76B8370C
 delete mode 100644 .Rproj.user/AE058423/sources/s-7E91627B/76B8370C-contents
 delete mode 100644 .Rproj.user/AE058423/sources/s-7E91627B/8461DBB4-contents
 delete mode 100644 .Rproj.user/AE058423/sources/s-7E91627B/8F252074-contents
 delete mode 100644 .Rproj.user/AE058423/sources/s-7E91627B/96B39A65-contents
 delete mode 100644 .Rproj.user/AE058423/sources/s-7E91627B/9B887FDE
 delete mode 100644 .Rproj.user/AE058423/sources/s-7E91627B/9B887FDE-contents
 delete mode 100644 .Rproj.user/AE058423/sources/s-7E91627B/BECA62D9-contents
 delete mode 100644 .Rproj.user/AE058423/sources/s-7E91627B/C4D4827C-contents
 delete mode 100644 .Rproj.user/AE058423/sources/s-7E91627B/C654B2C5-contents
 delete mode 100644 .Rproj.user/AE058423/sources/s-7E91627B/D2E6BC6D
 delete mode 100644 .Rproj.user/AE058423/sources/s-7E91627B/DF417CF-contents
 delete mode 100644 .Rproj.user/AE058423/sources/s-7E91627B/E904424E-contents
 delete mode 100644 .Rproj.user/AE058423/sources/s-7E91627B/EFF73D62-contents
 rename .Rproj.user/AE058423/sources/{s-7E91627B/13E02FD4-contents => s-E0B71CDD/1A3F2B4F-contents} (100%)
 rename .Rproj.user/AE058423/sources/{s-7E91627B/D2E6BC6D-contents => s-E0B71CDD/8C684D7-contents} (100%)
 create mode 100644 .Rproj.user/AE058423/sources/s-E0B71CDD/9556D1DE
 rename .Rproj.user/AE058423/sources/{s-7E91627B/24CE3B6-contents => s-E0B71CDD/9556D1DE-contents} (100%)
 create mode 100644 .Rproj.user/AE058423/sources/s-E0B71CDD/9B12A465-contents
 create mode 100644 .Rproj.user/AE058423/sources/s-E0B71CDD/A484A0D1
 rename merge.R => .Rproj.user/AE058423/sources/s-E0B71CDD/A484A0D1-contents (100%)
 create mode 100644 .Rproj.user/AE058423/sources/s-E0B71CDD/AC507460
 rename .Rproj.user/AE058423/sources/{s-7E91627B/31F01183-contents => s-E0B71CDD/AC507460-contents} (100%)
 create mode 100644 .Rproj.user/AE058423/sources/s-E0B71CDD/B4DFFA1F
 rename .Rproj.user/AE058423/sources/{s-7E91627B/327C9C11-contents => s-E0B71CDD/B4DFFA1F-contents} (100%)
 create mode 100644 .Rproj.user/AE058423/sources/s-E0B71CDD/E0802434
 rename .Rproj.user/AE058423/sources/{s-7E91627B/357AAA90-contents => s-E0B71CDD/E0802434-contents} (100%)
 create mode 100644 .Rproj.user/AE058423/sources/s-E0B71CDD/F7B5E08E
 create mode 100644 .Rproj.user/AE058423/sources/s-E0B71CDD/F7B5E08E-contents
 rename .Rproj.user/AE058423/sources/{s-7E91627B => s-E0B71CDD}/lock_file (100%)
 delete mode 100644 fh.csv
 create mode 100644 fh_uds.csv
 create mode 100644 merge_econ.R
 create mode 100644 merge_politics.R
 delete mode 100644 uds_summary.csv
]0;~/Desktop/thesisairbears2-10-142-23-61:thesis GTL$ git push
Counting objects: 31, done.
Delta compression using up to 4 threads.
Compressing objects:   3% (1/29)   Compressing objects:   6% (2/29)   Compressing objects:  10% (3/29)   Compressing objects:  13% (4/29)   Compressing objects:  17% (5/29)   Compressing objects:  20% (6/29)   Compressing objects:  24% (7/29)   Compressing objects:  27% (8/29)   Compressing objects:  31% (9/29)   Compressing objects:  34% (10/29)   Compressing objects:  37% (11/29)   Compressing objects:  41% (12/29)   Compressing objects:  44% (13/29)   Compressing objects:  48% (14/29)   Compressing objects:  51% (15/29)   Compressing objects:  55% (16/29)   Compressing objects:  58% (17/29)   Compressing objects:  62% (18/29)   Compressing objects:  65% (19/29)   Compressing objects:  68% (20/29)   Compressing objects:  72% (21/29)   Compressing objects:  75% (22/29)   Compressing objects:  79% (23/29)   Compressing objects:  82% (24/29)   Compressing objects:  86% (25/29)   Compressing objects:  89% (26/29)   Compressing objects:  93% (27/29)   Compressing objects:  96% (28/29)   Compressing objects: 100% (29/29)   Compressing objects: 100% (29/29), done.
Writing objects:   3% (1/31)   Writing objects:   6% (2/31)   Writing objects:   9% (3/31)   Writing objects:  12% (4/31)   Writing objects:  16% (5/31)   Writing objects:  19% (6/31)   Writing objects:  22% (7/31)   Writing objects:  25% (8/31)   Writing objects:  29% (9/31)   Writing objects:  32% (10/31)   Writing objects:  35% (11/31)   Writing objects:  38% (12/31)   Writing objects:  41% (13/31)   Writing objects:  45% (14/31)   Writing objects:  48% (15/31)   Writing objects:  51% (16/31)   Writing objects:  54% (17/31)   Writing objects:  58% (18/31)   Writing objects:  61% (19/31)   Writing objects:  64% (20/31)   Writing objects:  67% (21/31)   Writing objects:  74% (23/31)   Writing objects:  80% (25/31)   Writing objects:  83% (26/31)   Writing objects:  87% (27/31)   Writing objects:  90% (28/31)   Writing objects:  93% (29/31)   Writing objects:  96% (30/31)   Writing objects: 100% (31/31)   Writing objects: 100% (31/31), 432.08 KiB | 11.37 MiB/s, done.
Total 31 (delta 12), reused 0 (delta 0)
remote: Resolving deltas:   0% (0/12)   [Kremote: Resolving deltas:  25% (3/12)   [Kremote: Resolving deltas:  33% (4/12)   [Kremote: Resolving deltas:  41% (5/12)   [Kremote: Resolving deltas:  50% (6/12)   [Kremote: Resolving deltas:  58% (7/12)   [Kremote: Resolving deltas:  66% (8/12)   [Kremote: Resolving deltas:  75% (9/12)   [Kremote: Resolving deltas:  83% (10/12)   [Kremote: Resolving deltas:  91% (11/12)   [Kremote: Resolving deltas: 100% (12/12)   [Kremote: Resolving deltas: 100% (12/12), completed with 8 local objects.[K
To https://github.com/gtlron/honors_thesis.git
   a5b0469..a2a950b  master -> master
]0;~/Desktop/thesisairbears2-10-142-23-61:thesis GTL$ git ad  status
On branch master
Your branch is up to date with 'origin/master'.

Changes not staged for commit:
  (use "git add/rm <file>..." to update what will be committed)
  (use "git checkout -- <file>..." to discard changes in working directory)

	[31mmodified:   .Rproj.user/AE058423/console06/83DDD39F[m
	[31mmodified:   .Rproj.user/AE058423/console06/83DDD39F.env[m
	[31mdeleted:    .Rproj.user/AE058423/sources/s-E0B71CDD/9556D1DE[m
	[31mdeleted:    .Rproj.user/AE058423/sources/s-E0B71CDD/AC507460[m
	[31mdeleted:    .Rproj.user/AE058423/sources/s-E0B71CDD/B4DFFA1F[m
	[31mdeleted:    .Rproj.user/AE058423/sources/s-E0B71CDD/E0802434[m
	[31mmodified:   dpi.csv[m
	[31mmodified:   econ_outcomes.csv[m
	[31mmodified:   polity.csv[m

Untracked files:
  (use "git add <file>..." to include in what will be committed)

	[31m.Rproj.user/AE058423/sources/s-E0B71CDD/660E5C1B[m
	[31m.Rproj.user/AE058423/sources/s-E0B71CDD/660E5C1B-contents[m

no changes added to commit (use "git add" and/or "git commit -a")
]0;~/Desktop/thesisairbears2-10-142-23-61:thesis GTL$ git add .
]0;~/Desktop/thesisairbears2-10-142-23-61:thesis GTL$ git commit -m "Edited polity data"
[master e492b19] Edited polity data
 11 files changed, 16260 insertions(+), 25301 deletions(-)
 create mode 100644 .Rproj.user/AE058423/sources/s-E0B71CDD/660E5C1B
 create mode 100644 .Rproj.user/AE058423/sources/s-E0B71CDD/660E5C1B-contents
 delete mode 100644 .Rproj.user/AE058423/sources/s-E0B71CDD/9556D1DE
 delete mode 100644 .Rproj.user/AE058423/sources/s-E0B71CDD/AC507460
 delete mode 100644 .Rproj.user/AE058423/sources/s-E0B71CDD/B4DFFA1F
 delete mode 100644 .Rproj.user/AE058423/sources/s-E0B71CDD/E0802434
 rewrite dpi.csv (96%)
 rewrite polity.csv (94%)
]0;~/Desktop/thesisairbears2-10-142-23-61:thesis GTL$ git push
Counting objects: 13, done.
Delta compression using up to 4 threads.
Compressing objects:   7% (1/13)   Compressing objects:  15% (2/13)   Compressing objects:  23% (3/13)   Compressing objects:  30% (4/13)   Compressing objects:  38% (5/13)   Compressing objects:  46% (6/13)   Compressing objects:  53% (7/13)   Compressing objects:  61% (8/13)   Compressing objects:  69% (9/13)   Compressing objects:  76% (10/13)   Compressing objects:  84% (11/13)   Compressing objects:  92% (12/13)   Compressing objects: 100% (13/13)   Compressing objects: 100% (13/13), done.
Writing objects:   7% (1/13)   Writing objects:  15% (2/13)   Writing objects:  23% (3/13)   Writing objects:  30% (4/13)   Writing objects:  38% (5/13)   Writing objects:  46% (6/13)   Writing objects:  53% (7/13)   Writing objects:  61% (8/13)   Writing objects:  69% (9/13)   Writing objects:  76% (10/13)   Writing objects:  84% (11/13)   Writing objects:  92% (12/13)   Writing objects: 100% (13/13)   Writing objects: 100% (13/13), 327.45 KiB | 1.02 MiB/s, done.
Total 13 (delta 7), reused 0 (delta 0)
remote: Resolving deltas:   0% (0/7)   [Kremote: Resolving deltas:  14% (1/7)   [Kremote: Resolving deltas:  28% (2/7)   [Kremote: Resolving deltas:  42% (3/7)   [Kremote: Resolving deltas:  57% (4/7)   [Kremote: Resolving deltas:  71% (5/7)   [Kremote: Resolving deltas:  85% (6/7)   [Kremote: Resolving deltas: 100% (7/7)   [Kremote: Resolving deltas: 100% (7/7), completed with 7 local objects.[K
To https://github.com/gtlron/honors_thesis.git
   a2a950b..e492b19  master -> master
]0;~/Desktop/thesisairbears2-10-142-23-61:thesis GTL$ git commit -m "Edited the rest of politics datase ts"
On branch master
Your branch is up to date with 'origin/master'.

Changes not staged for commit:
	[31mmodified:   .Rproj.user/AE058423/console06/83DDD39F[m
	[31mmodified:   cnts.csv[m
	[31mmodified:   cpds.csv[m
	[31mmodified:   dpi.csv[m
	[31mmodified:   polity.csv[m

Untracked files:
	[31m.Rproj.user/AE058423/sources/s-E0B71CDD/47663F50[m
	[31m.Rproj.user/AE058423/sources/s-E0B71CDD/47663F50-contents[m
	[31m.Rproj.user/AE058423/sources/s-E0B71CDD/593872A7[m
	[31m.Rproj.user/AE058423/sources/s-E0B71CDD/593872A7-contents[m

no changes added to commit
]0;~/Desktop/thesisairbears2-10-142-23-61:thesis GTL$ git push
Everything up-to-date
]0;~/Desktop/thesisairbears2-10-142-23-61:thesis GTL$ 