git add .
]0;~/Desktop/thesisairbears2-10-142-22-81:thesis GTL$ git commit -m "Fixed       Selected variablesi  in CNTS"
[master 1ef1fe0] Selected variables in CNTS
 7 files changed, 9915 insertions(+), 17352 deletions(-)
 rewrite .Rproj.user/AE058423/console06/83DDD39F (99%)
 create mode 100644 .Rproj.user/AE058423/sources/s-2795BC24/19DF06F4
 create mode 100644 .Rproj.user/AE058423/sources/s-2795BC24/19DF06F4-contents
 create mode 100644 .Rproj.user/AE058423/sources/s-2795BC24/7FB79E2E-contents
 create mode 100644 .Rproj.user/AE058423/sources/s-2795BC24/A79D1765-contents
 create mode 100644 .Rproj.user/AE058423/sources/s-2795BC24/DEE51BD1-contents
 rewrite cnts.csv (91%)
]0;~/Desktop/thesisairbears2-10-142-22-81:thesis GTL$ git push
Counting objects: 10, done.
Delta compression using up to 4 threads.
Compressing objects:  11% (1/9)   Compressing objects:  22% (2/9)   Compressing objects:  33% (3/9)   Compressing objects:  44% (4/9)   Compressing objects:  55% (5/9)   Compressing objects:  66% (6/9)   Compressing objects:  77% (7/9)   Compressing objects:  88% (8/9)   Compressing objects: 100% (9/9)   Compressing objects: 100% (9/9), done.
Writing objects:  10% (1/10)   Writing objects:  20% (2/10)   Writing objects:  30% (3/10)   Writing objects:  40% (4/10)   Writing objects:  50% (5/10)   Writing objects:  60% (6/10)   Writing objects:  70% (7/10)   Writing objects:  80% (8/10)   Writing objects:  90% (9/10)   Writing objects: 100% (10/10)   Writing objects: 100% (10/10), 65.99 KiB | 3.00 MiB/s, done.
Total 10 (delta 3), reused 0 (delta 0)
remote: Resolving deltas:   0% (0/3)   [Kremote: Resolving deltas:  33% (1/3)   [Kremote: Resolving deltas:  66% (2/3)   [Kremote: Resolving deltas: 100% (3/3)   [Kremote: Resolving deltas: 100% (3/3), completed with 3 local objects.[K
To https://github.com/gtlron/honors_thesis.git
   b15db82..1ef1fe0  master -> master
]0;~/Desktop/thesisairbears2-10-142-22-81:thesis GTL$ git add.  .
]0;~/Desktop/thesisairbears2-10-142-22-81:thesis GTL$ git commit -m "c C Merged all datasets. Long     arge dataset  pending."[1@ [1@e[1@d[1@i[1@t."
[master 36f46bf] Merged all datasets. Large dataset pending edit.
 31 files changed, 194379 insertions(+), 43273 deletions(-)
 create mode 100644 .Rproj.user/AE058423/sources/s-2795BC24/173F7F78-contents
 delete mode 100644 .Rproj.user/AE058423/sources/s-2795BC24/19DF06F4
 create mode 100644 .Rproj.user/AE058423/sources/s-2795BC24/1F28A723-contents
 create mode 100644 .Rproj.user/AE058423/sources/s-2795BC24/3B980907-contents
 create mode 100644 .Rproj.user/AE058423/sources/s-2795BC24/4A8E77A5-contents
 create mode 100644 .Rproj.user/AE058423/sources/s-2795BC24/519B60AD-contents
 create mode 100644 .Rproj.user/AE058423/sources/s-2795BC24/8FC3A5A5-contents
 create mode 100644 .Rproj.user/AE058423/sources/s-2795BC24/938D9BB5-contents
 create mode 100644 .Rproj.user/AE058423/sources/s-2795BC24/9C2DB27C
 create mode 100644 .Rproj.user/AE058423/sources/s-2795BC24/9C2DB27C-contents
 delete mode 100644 .Rproj.user/AE058423/sources/s-2795BC24/9F70BC79
 create mode 100644 .Rproj.user/AE058423/sources/s-2795BC24/A04E4D51-contents
 create mode 100644 .Rproj.user/AE058423/sources/s-2795BC24/AAB06652-contents
 create mode 100644 .Rproj.user/AE058423/sources/s-2795BC24/B3D4849E-contents
 create mode 100644 .Rproj.user/AE058423/sources/s-2795BC24/E055770A
 create mode 100644 .Rproj.user/AE058423/sources/s-2795BC24/E055770A-contents
 create mode 100644 .Rproj.user/AE058423/sources/s-2795BC24/E79DDC72
 create mode 100644 .Rproj.user/AE058423/sources/s-2795BC24/E79DDC72-contents
 delete mode 100644 cnts.csv
 delete mode 100644 cpds.csv
 delete mode 100644 dpi.csv
 rewrite econ.csv (93%)
 delete mode 100644 fh_polity_uds.csv
 create mode 100644 l_fh_cpds.csv
 create mode 100644 m.csv
 create mode 100644 mall.csv
 create mode 100644 small.csv
]0;~/Desktop/thesisairbears2-10-142-22-81:thesis GTL$ git push
Counting objects: 22, done.
Delta compression using up to 4 threads.
Compressing objects:   4% (1/21)   Compressing objects:   9% (2/21)   Compressing objects:  14% (3/21)   Compressing objects:  19% (4/21)   Compressing objects:  23% (5/21)   Compressing objects:  28% (6/21)   Compressing objects:  33% (7/21)   Compressing objects:  38% (8/21)   Compressing objects:  42% (9/21)   Compressing objects:  47% (10/21)   Compressing objects:  52% (11/21)   Compressing objects:  57% (12/21)   Compressing objects:  61% (13/21)   Compressing objects:  66% (14/21)   Compressing objects:  71% (15/21)   Compressing objects:  76% (16/21)   Compressing objects:  80% (17/21)   Compressing objects:  85% (18/21)   Compressing objects:  90% (19/21)   Compressing objects:  95% (20/21)   Compressing objects: 100% (21/21)   Compressing objects: 100% (21/21), done.
Writing objects:   4% (1/22)   Writing objects:   9% (2/22)   Writing objects:  13% (3/22)   Writing objects:  18% (4/22)   Writing objects:  22% (5/22)   Writing objects:  27% (6/22)   Writing objects:  31% (7/22)   Writing objects:  36% (8/22)   Writing objects:  40% (9/22)   Writing objects:  45% (10/22)   Writing objects:  50% (11/22)   Writing objects:  54% (12/22)   Writing objects:  59% (13/22)   Writing objects:  63% (14/22)   Writing objects:  68% (15/22)   Writing objects:  72% (16/22)   Writing objects:  77% (17/22)   Writing objects:  81% (18/22)   Writing objects:  81% (18/22), 1.20 MiB | 735.00 KiB/s   Writing objects:  90% (20/22), 1.20 MiB | 735.00 KiB/s   Writing objects:  95% (21/22), 1.20 MiB | 735.00 KiB/s   Writing objects: 100% (22/22), 1.20 MiB | 735.00 KiB/s   Writing objects: 100% (22/22), 1.89 MiB | 1.05 MiB/s, done.
Total 22 (delta 10), reused 0 (delta 0)
remote: Resolving deltas:   0% (0/10)   [Kremote: Resolving deltas:  10% (1/10)   [Kremote: Resolving deltas:  20% (2/10)   [Kremote: Resolving deltas:  30% (3/10)   [Kremote: Resolving deltas:  40% (4/10)   [Kremote: Resolving deltas:  50% (5/10)   [Kremote: Resolving deltas:  60% (6/10)   [Kremote: Resolving deltas:  70% (7/10)   [Kremote: Resolving deltas:  80% (8/10)   [Kremote: Resolving deltas:  90% (9/10)   [Kremote: Resolving deltas: 100% (10/10)   [Kremote: Resolving deltas: 100% (10/10), completed with 6 local objects.[K
To https://github.com/gtlron/honors_thesis.git
   1ef1fe0..36f46bf  master -> master
]0;~/Desktop/thesisairbears2-10-142-22-81:thesis GTL$ bash: /Users/GTL/cs61b-software/adm/login: No such file or directory
a git add .
